[2025-11-16 13:52:17] local.ERROR: Namespace declaration statement has to be the very first statement or after any declare call in the script {"exception":"[object] (Symfony\\Component\\ErrorHandler\\Error\\FatalError(code: 0): Namespace declaration statement has to be the very first statement or after any declare call in the script at C:\\Users\\proff\\Documents\\datastat\\code\\laravel\\app\\Filament\\Pages\\GenerateReports.php:3)
[stacktrace]
#0 {main}
"} 
[2025-11-16 13:52:27] local.ERROR: Namespace declaration statement has to be the very first statement or after any declare call in the script {"exception":"[object] (Symfony\\Component\\ErrorHandler\\Error\\FatalError(code: 0): Namespace declaration statement has to be the very first statement or after any declare call in the script at C:\\Users\\proff\\Documents\\datastat\\code\\laravel\\app\\Filament\\Pages\\GenerateReports.php:3)
[stacktrace]
#0 {main}
"} 
[2025-11-16 14:00:53] local.ERROR: Namespace declaration statement has to be the very first statement or after any declare call in the script {"exception":"[object] (Symfony\\Component\\ErrorHandler\\Error\\FatalError(code: 0): Namespace declaration statement has to be the very first statement or after any declare call in the script at C:\\Users\\proff\\Documents\\datastat\\code\\laravel\\app\\Filament\\Pages\\GenerateReports.php:3)
[stacktrace]
#0 {main}
"} 
[2025-11-16 14:04:04] local.ERROR: Namespace declaration statement has to be the very first statement or after any declare call in the script {"exception":"[object] (Symfony\\Component\\ErrorHandler\\Error\\FatalError(code: 0): Namespace declaration statement has to be the very first statement or after any declare call in the script at C:\\Users\\proff\\Documents\\datastat\\code\\laravel\\app\\Filament\\Pages\\GenerateReports.php:2)
[stacktrace]
#0 {main}
"} 
[2025-11-16 14:06:29] local.ERROR: Namespace declaration statement has to be the very first statement or after any declare call in the script {"exception":"[object] (Symfony\\Component\\ErrorHandler\\Error\\FatalError(code: 0): Namespace declaration statement has to be the very first statement or after any declare call in the script at C:\\Users\\proff\\Documents\\datastat\\code\\laravel\\app\\Filament\\Pages\\GenerateReports.php:2)
[stacktrace]
#0 {main}
"} 
[2025-11-16 14:07:28] local.ERROR: Namespace declaration statement has to be the very first statement or after any declare call in the script {"exception":"[object] (Symfony\\Component\\ErrorHandler\\Error\\FatalError(code: 0): Namespace declaration statement has to be the very first statement or after any declare call in the script at C:\\Users\\proff\\Documents\\datastat\\code\\laravel\\app\\Filament\\Pages\\GenerateReports.php:3)
[stacktrace]
#0 {main}
"} 
[2025-11-16 14:08:04] local.ERROR: Namespace declaration statement has to be the very first statement or after any declare call in the script {"exception":"[object] (Symfony\\Component\\ErrorHandler\\Error\\FatalError(code: 0): Namespace declaration statement has to be the very first statement or after any declare call in the script at C:\\Users\\proff\\Documents\\datastat\\code\\laravel\\app\\Filament\\Pages\\GenerateReports.php:3)
[stacktrace]
#0 {main}
"} 
[2025-11-16 14:08:58] local.ERROR: Namespace declaration statement has to be the very first statement or after any declare call in the script {"exception":"[object] (Symfony\\Component\\ErrorHandler\\Error\\FatalError(code: 0): Namespace declaration statement has to be the very first statement or after any declare call in the script at C:\\Users\\proff\\Documents\\datastat\\code\\laravel\\app\\Filament\\Pages\\GenerateReports.php:3)
[stacktrace]
#0 {main}
"} 
[2025-11-16 14:11:22] local.ERROR: Namespace declaration statement has to be the very first statement or after any declare call in the script {"exception":"[object] (Symfony\\Component\\ErrorHandler\\Error\\FatalError(code: 0): Namespace declaration statement has to be the very first statement or after any declare call in the script at C:\\Users\\proff\\Documents\\datastat\\code\\laravel\\app\\Filament\\Pages\\GenerateReports.php:1)
[stacktrace]
#0 {main}
"} 
[2025-11-16 14:13:16] local.ERROR: syntax error, unexpected token "<", expecting "]" {"exception":"[object] (ParseError(code: 0): syntax error, unexpected token \"<\", expecting \"]\" at C:\\Users\\proff\\Documents\\datastat\\code\\laravel\\app\\Filament\\Pages\\GenerateReports.php:35)
[stacktrace]
#0 C:\\Users\\proff\\Documents\\datastat\\code\\laravel\\vendor\\composer\\ClassLoader.php(427): Composer\\Autoload\\{closure}('C:\\\\Users\\\\proff\\\\...')
#1 [internal function]: Composer\\Autoload\\ClassLoader->loadClass('App\\\\Filament\\\\Pa...')
#2 C:\\Users\\proff\\Documents\\datastat\\code\\laravel\\vendor\\livewire\\livewire\\src\\Mechanisms\\ComponentRegistry.php(90): is_subclass_of('App\\\\Filament\\\\Pa...', 'Livewire\\\\Compon...')
#3 C:\\Users\\proff\\Documents\\datastat\\code\\laravel\\vendor\\livewire\\livewire\\src\\Mechanisms\\ComponentRegistry.php(67): Livewire\\Mechanisms\\ComponentRegistry->getNameAndClass('App\\\\Filament\\\\Pa...')
#4 C:\\Users\\proff\\Documents\\datastat\\code\\laravel\\vendor\\filament\\filament\\src\\Panel\\Concerns\\HasComponents.php(586): Livewire\\Mechanisms\\ComponentRegistry->getName('App\\\\Filament\\\\Pa...')
#5 C:\\Users\\proff\\Documents\\datastat\\code\\laravel\\vendor\\filament\\filament\\src\\Panel\\Concerns\\HasComponents.php(117): Filament\\Panel->queueLivewireComponentForRegistration('App\\\\Filament\\\\Pa...')
#6 C:\\Users\\proff\\Documents\\datastat\\code\\laravel\\app\\Providers\\Filament\\AdminPanelProvider.php(92): Filament\\Panel->pages(Array)
#7 C:\\Users\\proff\\Documents\\datastat\\code\\laravel\\vendor\\filament\\filament\\src\\PanelProvider.php(15): App\\Providers\\Filament\\AdminPanelProvider->panel(Object(Filament\\Panel))
#8 C:\\Users\\proff\\Documents\\datastat\\code\\laravel\\vendor\\laravel\\framework\\src\\Illuminate\\Collections\\helpers.php(224): Filament\\PanelProvider->Filament\\{closure}()
#9 C:\\Users\\proff\\Documents\\datastat\\code\\laravel\\vendor\\filament\\filament\\src\\Facades\\Filament.php(140): value(Object(Closure))
#10 C:\\Users\\proff\\Documents\\datastat\\code\\laravel\\vendor\\laravel\\framework\\src\\Illuminate\\Container\\Container.php(1302): Filament\\Facades\\Filament::Filament\\Facades\\{closure}(Object(Filament\\PanelRegistry), Object(Illuminate\\Foundation\\Application))
#11 C:\\Users\\proff\\Documents\\datastat\\code\\laravel\\vendor\\laravel\\framework\\src\\Illuminate\\Container\\Container.php(1248): Illuminate\\Container\\Container->fireCallbackArray(Object(Filament\\PanelRegistry), Array)
#12 C:\\Users\\proff\\Documents\\datastat\\code\\laravel\\vendor\\laravel\\framework\\src\\Illuminate\\Container\\Container.php(813): Illuminate\\Container\\Container->fireResolvingCallbacks('Filament\\\\PanelR...', Object(Filament\\PanelRegistry))
#13 C:\\Users\\proff\\Documents\\datastat\\code\\laravel\\vendor\\laravel\\framework\\src\\Illuminate\\Foundation\\Application.php(986): Illuminate\\Container\\Container->resolve('Filament\\\\PanelR...', Array, true)
#14 C:\\Users\\proff\\Documents\\datastat\\code\\laravel\\vendor\\laravel\\framework\\src\\Illuminate\\Container\\Container.php(731): Illuminate\\Foundation\\Application->resolve('Filament\\\\PanelR...', Array)
#15 C:\\Users\\proff\\Documents\\datastat\\code\\laravel\\vendor\\laravel\\framework\\src\\Illuminate\\Foundation\\Application.php(971): Illuminate\\Container\\Container->make('Filament\\\\PanelR...', Array)
#16 C:\\Users\\proff\\Documents\\datastat\\code\\laravel\\vendor\\laravel\\framework\\src\\Illuminate\\Foundation\\helpers.php(120): Illuminate\\Foundation\\Application->make('Filament\\\\PanelR...', Array)
#17 C:\\Users\\proff\\Documents\\datastat\\code\\laravel\\vendor\\filament\\filament\\src\\FilamentManager.php(51): app('Filament\\\\PanelR...')
#18 C:\\Users\\proff\\Documents\\datastat\\code\\laravel\\vendor\\filament\\filament\\src\\FilamentServiceProvider.php(48): Filament\\FilamentManager->__construct()
#19 C:\\Users\\proff\\Documents\\datastat\\code\\laravel\\vendor\\laravel\\framework\\src\\Illuminate\\Container\\Container.php(908): Filament\\FilamentServiceProvider->Filament\\{closure}(Object(Illuminate\\Foundation\\Application), Array)
#20 C:\\Users\\proff\\Documents\\datastat\\code\\laravel\\vendor\\laravel\\framework\\src\\Illuminate\\Container\\Container.php(795): Illuminate\\Container\\Container->build(Object(Closure))
#21 C:\\Users\\proff\\Documents\\datastat\\code\\laravel\\vendor\\laravel\\framework\\src\\Illuminate\\Foundation\\Application.php(986): Illuminate\\Container\\Container->resolve('filament', Array, true)
#22 C:\\Users\\proff\\Documents\\datastat\\code\\laravel\\vendor\\laravel\\framework\\src\\Illuminate\\Container\\Container.php(731): Illuminate\\Foundation\\Application->resolve('filament', Array)
#23 C:\\Users\\proff\\Documents\\datastat\\code\\laravel\\vendor\\laravel\\framework\\src\\Illuminate\\Foundation\\Application.php(971): Illuminate\\Container\\Container->make('filament', Array)
#24 C:\\Users\\proff\\Documents\\datastat\\code\\laravel\\vendor\\laravel\\framework\\src\\Illuminate\\Container\\Container.php(1454): Illuminate\\Foundation\\Application->make('filament')
#25 C:\\Users\\proff\\Documents\\datastat\\code\\laravel\\vendor\\laravel\\framework\\src\\Illuminate\\Support\\Facades\\Facade.php(237): Illuminate\\Container\\Container->offsetGet('filament')
#26 C:\\Users\\proff\\Documents\\datastat\\code\\laravel\\vendor\\laravel\\framework\\src\\Illuminate\\Support\\Facades\\Facade.php(208): Illuminate\\Support\\Facades\\Facade::resolveFacadeInstance('filament')
#27 C:\\Users\\proff\\Documents\\datastat\\code\\laravel\\vendor\\laravel\\framework\\src\\Illuminate\\Support\\Facades\\Facade.php(349): Illuminate\\Support\\Facades\\Facade::getFacadeRoot()
#28 C:\\Users\\proff\\Documents\\datastat\\code\\laravel\\vendor\\filament\\filament\\routes\\web.php(13): Illuminate\\Support\\Facades\\Facade::__callStatic('getPanels', Array)
#29 C:\\Users\\proff\\Documents\\datastat\\code\\laravel\\vendor\\laravel\\framework\\src\\Illuminate\\Routing\\Router.php(509): Illuminate\\Support\\ServiceProvider->{closure}(Object(Illuminate\\Routing\\Router))
#30 C:\\Users\\proff\\Documents\\datastat\\code\\laravel\\vendor\\laravel\\framework\\src\\Illuminate\\Routing\\Router.php(465): Illuminate\\Routing\\Router->loadRoutes(Object(Closure))
#31 C:\\Users\\proff\\Documents\\datastat\\code\\laravel\\vendor\\laravel\\framework\\src\\Illuminate\\Routing\\RouteRegistrar.php(194): Illuminate\\Routing\\Router->group(Array, Object(Closure))
#32 C:\\Users\\proff\\Documents\\datastat\\code\\laravel\\vendor\\filament\\filament\\routes\\web.php(12): Illuminate\\Routing\\RouteRegistrar->group(Object(Closure))
#33 C:\\Users\\proff\\Documents\\datastat\\code\\laravel\\vendor\\laravel\\framework\\src\\Illuminate\\Support\\ServiceProvider.php(152): require('C:\\\\Users\\\\proff\\\\...')
#34 C:\\Users\\proff\\Documents\\datastat\\code\\laravel\\vendor\\spatie\\laravel-package-tools\\src\\Concerns\\PackageServiceProvider\\ProcessRoutes.php(14): Illuminate\\Support\\ServiceProvider->loadRoutesFrom('C:\\\\Users\\\\proff\\\\...')
#35 C:\\Users\\proff\\Documents\\datastat\\code\\laravel\\vendor\\spatie\\laravel-package-tools\\src\\PackageServiceProvider.php(85): Spatie\\LaravelPackageTools\\PackageServiceProvider->bootPackageRoutes()
#36 C:\\Users\\proff\\Documents\\datastat\\code\\laravel\\vendor\\laravel\\framework\\src\\Illuminate\\Container\\BoundMethod.php(36): Spatie\\LaravelPackageTools\\PackageServiceProvider->boot()
#37 C:\\Users\\proff\\Documents\\datastat\\code\\laravel\\vendor\\laravel\\framework\\src\\Illuminate\\Container\\Util.php(41): Illuminate\\Container\\BoundMethod::Illuminate\\Container\\{closure}()
#38 C:\\Users\\proff\\Documents\\datastat\\code\\laravel\\vendor\\laravel\\framework\\src\\Illuminate\\Container\\BoundMethod.php(93): Illuminate\\Container\\Util::unwrapIfClosure(Object(Closure))
#39 C:\\Users\\proff\\Documents\\datastat\\code\\laravel\\vendor\\laravel\\framework\\src\\Illuminate\\Container\\BoundMethod.php(35): Illuminate\\Container\\BoundMethod::callBoundMethod(Object(Illuminate\\Foundation\\Application), Array, Object(Closure))
#40 C:\\Users\\proff\\Documents\\datastat\\code\\laravel\\vendor\\laravel\\framework\\src\\Illuminate\\Container\\Container.php(662): Illuminate\\Container\\BoundMethod::call(Object(Illuminate\\Foundation\\Application), Array, Array, NULL)
#41 C:\\Users\\proff\\Documents\\datastat\\code\\laravel\\vendor\\laravel\\framework\\src\\Illuminate\\Foundation\\Application.php(1059): Illuminate\\Container\\Container->call(Array)
#42 C:\\Users\\proff\\Documents\\datastat\\code\\laravel\\vendor\\laravel\\framework\\src\\Illuminate\\Foundation\\Application.php(1040): Illuminate\\Foundation\\Application->bootProvider(Object(Filament\\FilamentServiceProvider))
#43 [internal function]: Illuminate\\Foundation\\Application->Illuminate\\Foundation\\{closure}(Object(Filament\\FilamentServiceProvider), 18)
#44 C:\\Users\\proff\\Documents\\datastat\\code\\laravel\\vendor\\laravel\\framework\\src\\Illuminate\\Foundation\\Application.php(1039): array_walk(Array, Object(Closure))
#45 C:\\Users\\proff\\Documents\\datastat\\code\\laravel\\vendor\\laravel\\framework\\src\\Illuminate\\Foundation\\Bootstrap\\BootProviders.php(17): Illuminate\\Foundation\\Application->boot()
#46 C:\\Users\\proff\\Documents\\datastat\\code\\laravel\\vendor\\laravel\\framework\\src\\Illuminate\\Foundation\\Application.php(286): Illuminate\\Foundation\\Bootstrap\\BootProviders->bootstrap(Object(Illuminate\\Foundation\\Application))
#47 C:\\Users\\proff\\Documents\\datastat\\code\\laravel\\vendor\\laravel\\framework\\src\\Illuminate\\Foundation\\Console\\Kernel.php(447): Illuminate\\Foundation\\Application->bootstrapWith(Array)
#48 C:\\Users\\proff\\Documents\\datastat\\code\\laravel\\vendor\\laravel\\framework\\src\\Illuminate\\Foundation\\Console\\Kernel.php(199): Illuminate\\Foundation\\Console\\Kernel->bootstrap()
#49 C:\\Users\\proff\\Documents\\datastat\\code\\laravel\\artisan(35): Illuminate\\Foundation\\Console\\Kernel->handle(Object(Symfony\\Component\\Console\\Input\\ArgvInput), Object(Symfony\\Component\\Console\\Output\\ConsoleOutput))
#50 {main}
"} 
[2025-11-16 14:13:32] local.ERROR: Namespace declaration statement has to be the very first statement or after any declare call in the script {"exception":"[object] (Symfony\\Component\\ErrorHandler\\Error\\FatalError(code: 0): Namespace declaration statement has to be the very first statement or after any declare call in the script at C:\\Users\\proff\\Documents\\datastat\\code\\laravel\\app\\Filament\\Pages\\GenerateReports.php:1)
[stacktrace]
#0 {main}
"} 
[2025-11-16 14:17:22] local.ERROR: Namespace declaration statement has to be the very first statement or after any declare call in the script {"exception":"[object] (Symfony\\Component\\ErrorHandler\\Error\\FatalError(code: 0): Namespace declaration statement has to be the very first statement or after any declare call in the script at C:\\Users\\proff\\Documents\\datastat\\code\\laravel\\app\\Filament\\Pages\\GenerateReports.php:1)
[stacktrace]
#0 {main}
"} 
[2025-11-16 14:17:42] local.ERROR: Namespace declaration statement has to be the very first statement or after any declare call in the script {"exception":"[object] (Symfony\\Component\\ErrorHandler\\Error\\FatalError(code: 0): Namespace declaration statement has to be the very first statement or after any declare call in the script at C:\\Users\\proff\\Documents\\datastat\\code\\laravel\\app\\Filament\\Pages\\GenerateReports.php:2)
[stacktrace]
#0 {main}
"} 
[2025-11-16 14:19:43] local.ERROR: Namespace declaration statement has to be the very first statement or after any declare call in the script {"exception":"[object] (Symfony\\Component\\ErrorHandler\\Error\\FatalError(code: 0): Namespace declaration statement has to be the very first statement or after any declare call in the script at C:\\Users\\proff\\Documents\\datastat\\code\\laravel\\app\\Filament\\Pages\\GenerateReports.php:2)
[stacktrace]
#0 {main}
"} 
[2025-11-16 14:57:28] local.ERROR: Namespace declaration statement has to be the very first statement or after any declare call in the script {"exception":"[object] (Symfony\\Component\\ErrorHandler\\Error\\FatalError(code: 0): Namespace declaration statement has to be the very first statement or after any declare call in the script at C:\\Users\\proff\\Documents\\datastat\\code\\laravel\\app\\Filament\\Pages\\GenerateReports.php:2)
[stacktrace]
#0 {main}
"} 
[2025-11-16 14:57:39] local.ERROR: Namespace declaration statement has to be the very first statement or after any declare call in the script {"exception":"[object] (Symfony\\Component\\ErrorHandler\\Error\\FatalError(code: 0): Namespace declaration statement has to be the very first statement or after any declare call in the script at C:\\Users\\proff\\Documents\\datastat\\code\\laravel\\app\\Filament\\Pages\\GenerateReports.php:2)
[stacktrace]
#0 {main}
"} 
[2025-11-16 14:58:12] local.ERROR: Unable to find component: [App\Filament\Pages\GenerateReports] {"exception":"[object] (Livewire\\Exceptions\\ComponentNotFoundException(code: 0): Unable to find component: [App\\Filament\\Pages\\GenerateReports] at C:\\Users\\proff\\Documents\\datastat\\code\\laravel\\vendor\\livewire\\livewire\\src\\Mechanisms\\ComponentRegistry.php:116)
[stacktrace]
#0 C:\\Users\\proff\\Documents\\datastat\\code\\laravel\\vendor\\livewire\\livewire\\src\\Mechanisms\\ComponentRegistry.php(67): Livewire\\Mechanisms\\ComponentRegistry->getNameAndClass('App\\\\Filament\\\\Pa...')
#1 C:\\Users\\proff\\Documents\\datastat\\code\\laravel\\vendor\\filament\\filament\\src\\Panel\\Concerns\\HasComponents.php(586): Livewire\\Mechanisms\\ComponentRegistry->getName('App\\\\Filament\\\\Pa...')
#2 C:\\Users\\proff\\Documents\\datastat\\code\\laravel\\vendor\\filament\\filament\\src\\Panel\\Concerns\\HasComponents.php(117): Filament\\Panel->queueLivewireComponentForRegistration('App\\\\Filament\\\\Pa...')
#3 C:\\Users\\proff\\Documents\\datastat\\code\\laravel\\app\\Providers\\Filament\\AdminPanelProvider.php(92): Filament\\Panel->pages(Array)
#4 C:\\Users\\proff\\Documents\\datastat\\code\\laravel\\vendor\\filament\\filament\\src\\PanelProvider.php(15): App\\Providers\\Filament\\AdminPanelProvider->panel(Object(Filament\\Panel))
#5 C:\\Users\\proff\\Documents\\datastat\\code\\laravel\\vendor\\laravel\\framework\\src\\Illuminate\\Collections\\helpers.php(224): Filament\\PanelProvider->Filament\\{closure}()
#6 C:\\Users\\proff\\Documents\\datastat\\code\\laravel\\vendor\\filament\\filament\\src\\Facades\\Filament.php(140): value(Object(Closure))
#7 C:\\Users\\proff\\Documents\\datastat\\code\\laravel\\vendor\\laravel\\framework\\src\\Illuminate\\Container\\Container.php(1302): Filament\\Facades\\Filament::Filament\\Facades\\{closure}(Object(Filament\\PanelRegistry), Object(Illuminate\\Foundation\\Application))
#8 C:\\Users\\proff\\Documents\\datastat\\code\\laravel\\vendor\\laravel\\framework\\src\\Illuminate\\Container\\Container.php(1248): Illuminate\\Container\\Container->fireCallbackArray(Object(Filament\\PanelRegistry), Array)
#9 C:\\Users\\proff\\Documents\\datastat\\code\\laravel\\vendor\\laravel\\framework\\src\\Illuminate\\Container\\Container.php(813): Illuminate\\Container\\Container->fireResolvingCallbacks('Filament\\\\PanelR...', Object(Filament\\PanelRegistry))
#10 C:\\Users\\proff\\Documents\\datastat\\code\\laravel\\vendor\\laravel\\framework\\src\\Illuminate\\Foundation\\Application.php(986): Illuminate\\Container\\Container->resolve('Filament\\\\PanelR...', Array, true)
#11 C:\\Users\\proff\\Documents\\datastat\\code\\laravel\\vendor\\laravel\\framework\\src\\Illuminate\\Container\\Container.php(731): Illuminate\\Foundation\\Application->resolve('Filament\\\\PanelR...', Array)
#12 C:\\Users\\proff\\Documents\\datastat\\code\\laravel\\vendor\\laravel\\framework\\src\\Illuminate\\Foundation\\Application.php(971): Illuminate\\Container\\Container->make('Filament\\\\PanelR...', Array)
#13 C:\\Users\\proff\\Documents\\datastat\\code\\laravel\\vendor\\laravel\\framework\\src\\Illuminate\\Foundation\\helpers.php(120): Illuminate\\Foundation\\Application->make('Filament\\\\PanelR...', Array)
#14 C:\\Users\\proff\\Documents\\datastat\\code\\laravel\\vendor\\filament\\filament\\src\\FilamentManager.php(51): app('Filament\\\\PanelR...')
#15 C:\\Users\\proff\\Documents\\datastat\\code\\laravel\\vendor\\filament\\filament\\src\\FilamentServiceProvider.php(48): Filament\\FilamentManager->__construct()
#16 C:\\Users\\proff\\Documents\\datastat\\code\\laravel\\vendor\\laravel\\framework\\src\\Illuminate\\Container\\Container.php(908): Filament\\FilamentServiceProvider->Filament\\{closure}(Object(Illuminate\\Foundation\\Application), Array)
#17 C:\\Users\\proff\\Documents\\datastat\\code\\laravel\\vendor\\laravel\\framework\\src\\Illuminate\\Container\\Container.php(795): Illuminate\\Container\\Container->build(Object(Closure))
#18 C:\\Users\\proff\\Documents\\datastat\\code\\laravel\\vendor\\laravel\\framework\\src\\Illuminate\\Foundation\\Application.php(986): Illuminate\\Container\\Container->resolve('filament', Array, true)
#19 C:\\Users\\proff\\Documents\\datastat\\code\\laravel\\vendor\\laravel\\framework\\src\\Illuminate\\Container\\Container.php(731): Illuminate\\Foundation\\Application->resolve('filament', Array)
#20 C:\\Users\\proff\\Documents\\datastat\\code\\laravel\\vendor\\laravel\\framework\\src\\Illuminate\\Foundation\\Application.php(971): Illuminate\\Container\\Container->make('filament', Array)
#21 C:\\Users\\proff\\Documents\\datastat\\code\\laravel\\vendor\\laravel\\framework\\src\\Illuminate\\Container\\Container.php(1454): Illuminate\\Foundation\\Application->make('filament')
#22 C:\\Users\\proff\\Documents\\datastat\\code\\laravel\\vendor\\laravel\\framework\\src\\Illuminate\\Support\\Facades\\Facade.php(237): Illuminate\\Container\\Container->offsetGet('filament')
#23 C:\\Users\\proff\\Documents\\datastat\\code\\laravel\\vendor\\laravel\\framework\\src\\Illuminate\\Support\\Facades\\Facade.php(208): Illuminate\\Support\\Facades\\Facade::resolveFacadeInstance('filament')
#24 C:\\Users\\proff\\Documents\\datastat\\code\\laravel\\vendor\\laravel\\framework\\src\\Illuminate\\Support\\Facades\\Facade.php(349): Illuminate\\Support\\Facades\\Facade::getFacadeRoot()
#25 C:\\Users\\proff\\Documents\\datastat\\code\\laravel\\vendor\\filament\\filament\\routes\\web.php(13): Illuminate\\Support\\Facades\\Facade::__callStatic('getPanels', Array)
#26 C:\\Users\\proff\\Documents\\datastat\\code\\laravel\\vendor\\laravel\\framework\\src\\Illuminate\\Routing\\Router.php(509): Illuminate\\Support\\ServiceProvider->{closure}(Object(Illuminate\\Routing\\Router))
#27 C:\\Users\\proff\\Documents\\datastat\\code\\laravel\\vendor\\laravel\\framework\\src\\Illuminate\\Routing\\Router.php(465): Illuminate\\Routing\\Router->loadRoutes(Object(Closure))
#28 C:\\Users\\proff\\Documents\\datastat\\code\\laravel\\vendor\\laravel\\framework\\src\\Illuminate\\Routing\\RouteRegistrar.php(194): Illuminate\\Routing\\Router->group(Array, Object(Closure))
#29 C:\\Users\\proff\\Documents\\datastat\\code\\laravel\\vendor\\filament\\filament\\routes\\web.php(12): Illuminate\\Routing\\RouteRegistrar->group(Object(Closure))
#30 C:\\Users\\proff\\Documents\\datastat\\code\\laravel\\vendor\\laravel\\framework\\src\\Illuminate\\Support\\ServiceProvider.php(152): require('C:\\\\Users\\\\proff\\\\...')
#31 C:\\Users\\proff\\Documents\\datastat\\code\\laravel\\vendor\\spatie\\laravel-package-tools\\src\\Concerns\\PackageServiceProvider\\ProcessRoutes.php(14): Illuminate\\Support\\ServiceProvider->loadRoutesFrom('C:\\\\Users\\\\proff\\\\...')
#32 C:\\Users\\proff\\Documents\\datastat\\code\\laravel\\vendor\\spatie\\laravel-package-tools\\src\\PackageServiceProvider.php(85): Spatie\\LaravelPackageTools\\PackageServiceProvider->bootPackageRoutes()
#33 C:\\Users\\proff\\Documents\\datastat\\code\\laravel\\vendor\\laravel\\framework\\src\\Illuminate\\Container\\BoundMethod.php(36): Spatie\\LaravelPackageTools\\PackageServiceProvider->boot()
#34 C:\\Users\\proff\\Documents\\datastat\\code\\laravel\\vendor\\laravel\\framework\\src\\Illuminate\\Container\\Util.php(41): Illuminate\\Container\\BoundMethod::Illuminate\\Container\\{closure}()
#35 C:\\Users\\proff\\Documents\\datastat\\code\\laravel\\vendor\\laravel\\framework\\src\\Illuminate\\Container\\BoundMethod.php(93): Illuminate\\Container\\Util::unwrapIfClosure(Object(Closure))
#36 C:\\Users\\proff\\Documents\\datastat\\code\\laravel\\vendor\\laravel\\framework\\src\\Illuminate\\Container\\BoundMethod.php(35): Illuminate\\Container\\BoundMethod::callBoundMethod(Object(Illuminate\\Foundation\\Application), Array, Object(Closure))
#37 C:\\Users\\proff\\Documents\\datastat\\code\\laravel\\vendor\\laravel\\framework\\src\\Illuminate\\Container\\Container.php(662): Illuminate\\Container\\BoundMethod::call(Object(Illuminate\\Foundation\\Application), Array, Array, NULL)
#38 C:\\Users\\proff\\Documents\\datastat\\code\\laravel\\vendor\\laravel\\framework\\src\\Illuminate\\Foundation\\Application.php(1059): Illuminate\\Container\\Container->call(Array)
#39 C:\\Users\\proff\\Documents\\datastat\\code\\laravel\\vendor\\laravel\\framework\\src\\Illuminate\\Foundation\\Application.php(1040): Illuminate\\Foundation\\Application->bootProvider(Object(Filament\\FilamentServiceProvider))
#40 [internal function]: Illuminate\\Foundation\\Application->Illuminate\\Foundation\\{closure}(Object(Filament\\FilamentServiceProvider), 18)
#41 C:\\Users\\proff\\Documents\\datastat\\code\\laravel\\vendor\\laravel\\framework\\src\\Illuminate\\Foundation\\Application.php(1039): array_walk(Array, Object(Closure))
#42 C:\\Users\\proff\\Documents\\datastat\\code\\laravel\\vendor\\laravel\\framework\\src\\Illuminate\\Foundation\\Bootstrap\\BootProviders.php(17): Illuminate\\Foundation\\Application->boot()
#43 C:\\Users\\proff\\Documents\\datastat\\code\\laravel\\vendor\\laravel\\framework\\src\\Illuminate\\Foundation\\Application.php(286): Illuminate\\Foundation\\Bootstrap\\BootProviders->bootstrap(Object(Illuminate\\Foundation\\Application))
#44 C:\\Users\\proff\\Documents\\datastat\\code\\laravel\\vendor\\laravel\\framework\\src\\Illuminate\\Foundation\\Console\\Kernel.php(447): Illuminate\\Foundation\\Application->bootstrapWith(Array)
#45 C:\\Users\\proff\\Documents\\datastat\\code\\laravel\\vendor\\laravel\\framework\\src\\Illuminate\\Foundation\\Console\\Kernel.php(199): Illuminate\\Foundation\\Console\\Kernel->bootstrap()
#46 C:\\Users\\proff\\Documents\\datastat\\code\\laravel\\artisan(35): Illuminate\\Foundation\\Console\\Kernel->handle(Object(Symfony\\Component\\Console\\Input\\ArgvInput), Object(Symfony\\Component\\Console\\Output\\ConsoleOutput))
#47 {main}
"} 
[2025-11-16 14:58:36] local.ERROR: Namespace declaration statement has to be the very first statement or after any declare call in the script {"exception":"[object] (Symfony\\Component\\ErrorHandler\\Error\\FatalError(code: 0): Namespace declaration statement has to be the very first statement or after any declare call in the script at C:\\Users\\proff\\Documents\\datastat\\code\\laravel\\app\\Filament\\Pages\\GenerateReports.php:3)
[stacktrace]
#0 {main}
"} 
[2025-11-16 14:58:54] local.ERROR: Namespace declaration statement has to be the very first statement or after any declare call in the script {"exception":"[object] (Symfony\\Component\\ErrorHandler\\Error\\FatalError(code: 0): Namespace declaration statement has to be the very first statement or after any declare call in the script at C:\\Users\\proff\\Documents\\datastat\\code\\laravel\\app\\Filament\\Pages\\GenerateReports.php:3)
[stacktrace]
#0 {main}
"} 
[2025-11-16 15:18:51] local.ERROR: Namespace declaration statement has to be the very first statement or after any declare call in the script {"exception":"[object] (Symfony\\Component\\ErrorHandler\\Error\\FatalError(code: 0): Namespace declaration statement has to be the very first statement or after any declare call in the script at C:\\Users\\proff\\Documents\\datastat\\code\\laravel\\app\\Filament\\Pages\\GenerateReports.php:3)
[stacktrace]
#0 {main}
"} 
[2026-01-08 00:24:31] local.ERROR: Namespace declaration statement has to be the very first statement or after any declare call in the script {"exception":"[object] (Symfony\\Component\\ErrorHandler\\Error\\FatalError(code: 0): Namespace declaration statement has to be the very first statement or after any declare call in the script at C:\\Users\\proff\\Documents\\datastat\\code\\laravel\\app\\Filament\\Pages\\GenerateReports.php:2)
[stacktrace]
#0 {main}
"} 
[2026-01-08 00:26:52] local.ERROR: syntax error, unexpected token "<", expecting end of file {"exception":"[object] (ParseError(code: 0): syntax error, unexpected token \"<\", expecting end of file at C:\\Users\\proff\\Documents\\datastat\\code\\laravel\\app\\Filament\\Pages\\GenerateReports.php:10)
[stacktrace]
#0 C:\\Users\\proff\\Documents\\datastat\\code\\laravel\\vendor\\composer\\ClassLoader.php(427): Composer\\Autoload\\{closure}('C:\\\\Users\\\\proff\\\\...')
#1 [internal function]: Composer\\Autoload\\ClassLoader->loadClass('App\\\\Filament\\\\Pa...')
#2 C:\\Users\\proff\\Documents\\datastat\\code\\laravel\\vendor\\livewire\\livewire\\src\\Mechanisms\\ComponentRegistry.php(90): is_subclass_of('App\\\\Filament\\\\Pa...', 'Livewire\\\\Compon...')
#3 C:\\Users\\proff\\Documents\\datastat\\code\\laravel\\vendor\\livewire\\livewire\\src\\Mechanisms\\ComponentRegistry.php(67): Livewire\\Mechanisms\\ComponentRegistry->getNameAndClass('App\\\\Filament\\\\Pa...')
#4 C:\\Users\\proff\\Documents\\datastat\\code\\laravel\\vendor\\filament\\filament\\src\\Panel\\Concerns\\HasComponents.php(586): Livewire\\Mechanisms\\ComponentRegistry->getName('App\\\\Filament\\\\Pa...')
#5 C:\\Users\\proff\\Documents\\datastat\\code\\laravel\\vendor\\filament\\filament\\src\\Panel\\Concerns\\HasComponents.php(117): Filament\\Panel->queueLivewireComponentForRegistration('App\\\\Filament\\\\Pa...')
#6 C:\\Users\\proff\\Documents\\datastat\\code\\laravel\\app\\Providers\\Filament\\AdminPanelProvider.php(92): Filament\\Panel->pages(Array)
#7 C:\\Users\\proff\\Documents\\datastat\\code\\laravel\\vendor\\filament\\filament\\src\\PanelProvider.php(15): App\\Providers\\Filament\\AdminPanelProvider->panel(Object(Filament\\Panel))
#8 C:\\Users\\proff\\Documents\\datastat\\code\\laravel\\vendor\\laravel\\framework\\src\\Illuminate\\Collections\\helpers.php(224): Filament\\PanelProvider->Filament\\{closure}()
#9 C:\\Users\\proff\\Documents\\datastat\\code\\laravel\\vendor\\filament\\filament\\src\\Facades\\Filament.php(140): value(Object(Closure))
#10 C:\\Users\\proff\\Documents\\datastat\\code\\laravel\\vendor\\laravel\\framework\\src\\Illuminate\\Container\\Container.php(1302): Filament\\Facades\\Filament::Filament\\Facades\\{closure}(Object(Filament\\PanelRegistry), Object(Illuminate\\Foundation\\Application))
#11 C:\\Users\\proff\\Documents\\datastat\\code\\laravel\\vendor\\laravel\\framework\\src\\Illuminate\\Container\\Container.php(1248): Illuminate\\Container\\Container->fireCallbackArray(Object(Filament\\PanelRegistry), Array)
#12 C:\\Users\\proff\\Documents\\datastat\\code\\laravel\\vendor\\laravel\\framework\\src\\Illuminate\\Container\\Container.php(813): Illuminate\\Container\\Container->fireResolvingCallbacks('Filament\\\\PanelR...', Object(Filament\\PanelRegistry))
#13 C:\\Users\\proff\\Documents\\datastat\\code\\laravel\\vendor\\laravel\\framework\\src\\Illuminate\\Foundation\\Application.php(986): Illuminate\\Container\\Container->resolve('Filament\\\\PanelR...', Array, true)
#14 C:\\Users\\proff\\Documents\\datastat\\code\\laravel\\vendor\\laravel\\framework\\src\\Illuminate\\Container\\Container.php(731): Illuminate\\Foundation\\Application->resolve('Filament\\\\PanelR...', Array)
#15 C:\\Users\\proff\\Documents\\datastat\\code\\laravel\\vendor\\laravel\\framework\\src\\Illuminate\\Foundation\\Application.php(971): Illuminate\\Container\\Container->make('Filament\\\\PanelR...', Array)
#16 C:\\Users\\proff\\Documents\\datastat\\code\\laravel\\vendor\\laravel\\framework\\src\\Illuminate\\Foundation\\helpers.php(120): Illuminate\\Foundation\\Application->make('Filament\\\\PanelR...', Array)
#17 C:\\Users\\proff\\Documents\\datastat\\code\\laravel\\vendor\\filament\\filament\\src\\FilamentManager.php(51): app('Filament\\\\PanelR...')
#18 C:\\Users\\proff\\Documents\\datastat\\code\\laravel\\vendor\\filament\\filament\\src\\FilamentServiceProvider.php(48): Filament\\FilamentManager->__construct()
#19 C:\\Users\\proff\\Documents\\datastat\\code\\laravel\\vendor\\laravel\\framework\\src\\Illuminate\\Container\\Container.php(908): Filament\\FilamentServiceProvider->Filament\\{closure}(Object(Illuminate\\Foundation\\Application), Array)
#20 C:\\Users\\proff\\Documents\\datastat\\code\\laravel\\vendor\\laravel\\framework\\src\\Illuminate\\Container\\Container.php(795): Illuminate\\Container\\Container->build(Object(Closure))
#21 C:\\Users\\proff\\Documents\\datastat\\code\\laravel\\vendor\\laravel\\framework\\src\\Illuminate\\Foundation\\Application.php(986): Illuminate\\Container\\Container->resolve('filament', Array, true)
#22 C:\\Users\\proff\\Documents\\datastat\\code\\laravel\\vendor\\laravel\\framework\\src\\Illuminate\\Container\\Container.php(731): Illuminate\\Foundation\\Application->resolve('filament', Array)
#23 C:\\Users\\proff\\Documents\\datastat\\code\\laravel\\vendor\\laravel\\framework\\src\\Illuminate\\Foundation\\Application.php(971): Illuminate\\Container\\Container->make('filament', Array)
#24 C:\\Users\\proff\\Documents\\datastat\\code\\laravel\\vendor\\laravel\\framework\\src\\Illuminate\\Container\\Container.php(1454): Illuminate\\Foundation\\Application->make('filament')
#25 C:\\Users\\proff\\Documents\\datastat\\code\\laravel\\vendor\\laravel\\framework\\src\\Illuminate\\Support\\Facades\\Facade.php(237): Illuminate\\Container\\Container->offsetGet('filament')
#26 C:\\Users\\proff\\Documents\\datastat\\code\\laravel\\vendor\\laravel\\framework\\src\\Illuminate\\Support\\Facades\\Facade.php(208): Illuminate\\Support\\Facades\\Facade::resolveFacadeInstance('filament')
#27 C:\\Users\\proff\\Documents\\datastat\\code\\laravel\\vendor\\laravel\\framework\\src\\Illuminate\\Support\\Facades\\Facade.php(349): Illuminate\\Support\\Facades\\Facade::getFacadeRoot()
#28 C:\\Users\\proff\\Documents\\datastat\\code\\laravel\\vendor\\filament\\filament\\routes\\web.php(13): Illuminate\\Support\\Facades\\Facade::__callStatic('getPanels', Array)
#29 C:\\Users\\proff\\Documents\\datastat\\code\\laravel\\vendor\\laravel\\framework\\src\\Illuminate\\Routing\\Router.php(509): Illuminate\\Support\\ServiceProvider->{closure}(Object(Illuminate\\Routing\\Router))
#30 C:\\Users\\proff\\Documents\\datastat\\code\\laravel\\vendor\\laravel\\framework\\src\\Illuminate\\Routing\\Router.php(465): Illuminate\\Routing\\Router->loadRoutes(Object(Closure))
#31 C:\\Users\\proff\\Documents\\datastat\\code\\laravel\\vendor\\laravel\\framework\\src\\Illuminate\\Routing\\RouteRegistrar.php(194): Illuminate\\Routing\\Router->group(Array, Object(Closure))
#32 C:\\Users\\proff\\Documents\\datastat\\code\\laravel\\vendor\\filament\\filament\\routes\\web.php(12): Illuminate\\Routing\\RouteRegistrar->group(Object(Closure))
#33 C:\\Users\\proff\\Documents\\datastat\\code\\laravel\\vendor\\laravel\\framework\\src\\Illuminate\\Support\\ServiceProvider.php(152): require('C:\\\\Users\\\\proff\\\\...')
#34 C:\\Users\\proff\\Documents\\datastat\\code\\laravel\\vendor\\spatie\\laravel-package-tools\\src\\Concerns\\PackageServiceProvider\\ProcessRoutes.php(14): Illuminate\\Support\\ServiceProvider->loadRoutesFrom('C:\\\\Users\\\\proff\\\\...')
#35 C:\\Users\\proff\\Documents\\datastat\\code\\laravel\\vendor\\spatie\\laravel-package-tools\\src\\PackageServiceProvider.php(85): Spatie\\LaravelPackageTools\\PackageServiceProvider->bootPackageRoutes()
#36 C:\\Users\\proff\\Documents\\datastat\\code\\laravel\\vendor\\laravel\\framework\\src\\Illuminate\\Container\\BoundMethod.php(36): Spatie\\LaravelPackageTools\\PackageServiceProvider->boot()
#37 C:\\Users\\proff\\Documents\\datastat\\code\\laravel\\vendor\\laravel\\framework\\src\\Illuminate\\Container\\Util.php(41): Illuminate\\Container\\BoundMethod::Illuminate\\Container\\{closure}()
#38 C:\\Users\\proff\\Documents\\datastat\\code\\laravel\\vendor\\laravel\\framework\\src\\Illuminate\\Container\\BoundMethod.php(93): Illuminate\\Container\\Util::unwrapIfClosure(Object(Closure))
#39 C:\\Users\\proff\\Documents\\datastat\\code\\laravel\\vendor\\laravel\\framework\\src\\Illuminate\\Container\\BoundMethod.php(35): Illuminate\\Container\\BoundMethod::callBoundMethod(Object(Illuminate\\Foundation\\Application), Array, Object(Closure))
#40 C:\\Users\\proff\\Documents\\datastat\\code\\laravel\\vendor\\laravel\\framework\\src\\Illuminate\\Container\\Container.php(662): Illuminate\\Container\\BoundMethod::call(Object(Illuminate\\Foundation\\Application), Array, Array, NULL)
#41 C:\\Users\\proff\\Documents\\datastat\\code\\laravel\\vendor\\laravel\\framework\\src\\Illuminate\\Foundation\\Application.php(1059): Illuminate\\Container\\Container->call(Array)
#42 C:\\Users\\proff\\Documents\\datastat\\code\\laravel\\vendor\\laravel\\framework\\src\\Illuminate\\Foundation\\Application.php(1040): Illuminate\\Foundation\\Application->bootProvider(Object(Filament\\FilamentServiceProvider))
#43 [internal function]: Illuminate\\Foundation\\Application->Illuminate\\Foundation\\{closure}(Object(Filament\\FilamentServiceProvider), 18)
#44 C:\\Users\\proff\\Documents\\datastat\\code\\laravel\\vendor\\laravel\\framework\\src\\Illuminate\\Foundation\\Application.php(1039): array_walk(Array, Object(Closure))
#45 C:\\Users\\proff\\Documents\\datastat\\code\\laravel\\vendor\\laravel\\framework\\src\\Illuminate\\Foundation\\Bootstrap\\BootProviders.php(17): Illuminate\\Foundation\\Application->boot()
#46 C:\\Users\\proff\\Documents\\datastat\\code\\laravel\\vendor\\laravel\\framework\\src\\Illuminate\\Foundation\\Application.php(286): Illuminate\\Foundation\\Bootstrap\\BootProviders->bootstrap(Object(Illuminate\\Foundation\\Application))
#47 C:\\Users\\proff\\Documents\\datastat\\code\\laravel\\vendor\\laravel\\framework\\src\\Illuminate\\Foundation\\Console\\Kernel.php(447): Illuminate\\Foundation\\Application->bootstrapWith(Array)
#48 C:\\Users\\proff\\Documents\\datastat\\code\\laravel\\vendor\\laravel\\framework\\src\\Illuminate\\Foundation\\Console\\Kernel.php(199): Illuminate\\Foundation\\Console\\Kernel->bootstrap()
#49 C:\\Users\\proff\\Documents\\datastat\\code\\laravel\\artisan(35): Illuminate\\Foundation\\Console\\Kernel->handle(Object(Symfony\\Component\\Console\\Input\\ArgvInput), Object(Symfony\\Component\\Console\\Output\\ConsoleOutput))
#50 {main}
"} 
[2026-01-08 00:28:07] local.ERROR: Namespace declaration statement has to be the very first statement or after any declare call in the script {"exception":"[object] (Symfony\\Component\\ErrorHandler\\Error\\FatalError(code: 0): Namespace declaration statement has to be the very first statement or after any declare call in the script at C:\\Users\\proff\\Documents\\datastat\\code\\laravel\\app\\Filament\\Pages\\GenerateReports.php:2)
[stacktrace]
#0 {main}
"} 
